<UIView; frame = (0 0; 320 480); layer = <CALayer>>
   | <_TtC6ENCoreP33_BE0F5152644A38BF9F618D4A1FE1760A9AboutView; frame = (0 0; 320 480); layer = <CALayer>>
   |    | <ENCore.HelpTableView; baseClass = UITableView; frame = (0 0; 320 480); clipsToBounds = YES; gestureRecognizers = <NSArray>; layer = <CALayer>; contentOffset: {0, 0}; contentSize: {320, 2005.6666870117185}; adjustedContentInset: {0, 0, 0, 0}; dataSource: <ENCore.AboutOverviewViewController>>
   |    |    | <ENCore.HelpTableViewCell; baseClass = UITableViewCell; frame = (0 952.667; 320 48.3333); text = 'How do I recognize a noti...'; hidden = YES; autoresize = W; layer = <CALayer>>
   |    |    |    | <UIView; frame = (14 47.3333; 306 1); layer = <CALayer>>
   |    |    |    | <UITableViewCellContentView; frame = (0 0; 293.667 48.3333); gestureRecognizers = <NSArray>; layer = <CALayer>>
   |    |    |    |    | <UITableViewLabel; frame = (16 14; 261.667 20.3333); text = 'How do I recognize a noti...'; userInteractionEnabled = NO; layer = <_UILabelLayer>>
   |    |    |    | <_UITableCellAccessoryButton; frame = (293.667 17; 10.3333 14); opaque = NO; userInteractionEnabled = NO; layer = <CALayer>>
   |    |    |    |    | <UIImageView; frame = (0 0; 10.3333 14); clipsToBounds = YES; opaque = NO; userInteractionEnabled = NO; layer = <CALayer>>
   |    |    | <ENCore.HelpTableViewCell; baseClass = UITableViewCell; frame = (0 882.333; 320 70.3333); text = 'Can I send others a notif...'; hidden = YES; autoresize = W; layer = <CALayer>>
   |    |    |    | <UIView; frame = (14 69.3333; 306 1); layer = <CALayer>>
   |    |    |    | <UITableViewCellContentView; frame = (0 0; 293.667 70.3333); gestureRecognizers = <NSArray>; layer = <CALayer>>
   |    |    |    |    | <UITableViewLabel; frame = (16 14; 261.667 42.3333); text = 'Can I send others a notif...'; userInteractionEnabled = NO; layer = <_UILabelLayer>>
   |    |    |    | <_UITableCellAccessoryButton; frame = (293.667 28; 10.3333 14); opaque = NO; userInteractionEnabled = NO; layer = <CALayer>>
   |    |    |    |    | <UIImageView; frame = (0 0; 10.3333 14); clipsToBounds = YES; opaque = NO; userInteractionEnabled = NO; layer = <CALayer>>
   |    |    | <ENCore.HelpTableViewCell; baseClass = UITableViewCell; frame = (0 812; 320 70.3333); text = 'When does the app send no...'; hidden = YES; autoresize = W; layer = <CALayer>>
   |    |    |    | <UIView; frame = (14 69.3333; 306 1); layer = <CALayer>>
   |    |    |    | <UITableViewCellContentView; frame = (0 0; 293.667 70.3333); gestureRecognizers = <NSArray>; layer = <CALayer>>
   |    |    |    |    | <UITableViewLabel; frame = (16 14; 261.667 42.3333); text = 'When does the app send no...'; userInteractionEnabled = NO; layer = <_UILabelLayer>>
   |    |    |    | <_UITableCellAccessoryButton; frame = (293.667 28; 10.3333 14); opaque = NO; userInteractionEnabled = NO; layer = <CALayer>>
   |    |    |    |    | <UIImageView; frame = (0 0; 10.3333 14); clipsToBounds = YES; opaque = NO; userInteractionEnabled = NO; layer = <CALayer>>
   |    |    | <ENCore.HelpTableViewCell; baseClass = UITableViewCell; frame = (0 763.667; 320 48.3333); text = 'Can the app see my locati...'; hidden = YES; autoresize = W; layer = <CALayer>>
   |    |    |    | <UIView; frame = (14 47.3333; 306 1); layer = <CALayer>>
   |    |    |    | <UITableViewCellContentView; frame = (0 0; 293.667 48.3333); gestureRecognizers = <NSArray>; layer = <CALayer>>
   |    |    |    |    | <UITableViewLabel; frame = (16 14; 261.667 20.3333); text = 'Can the app see my locati...'; userInteractionEnabled = NO; layer = <_UILabelLayer>>
   |    |    |    | <_UITableCellAccessoryButton; frame = (293.667 17; 10.3333 14); opaque = NO; userInteractionEnabled = NO; layer = <CALayer>>
   |    |    |    |    | <UIImageView; frame = (0 0; 10.3333 14); clipsToBounds = YES; opaque = NO; userInteractionEnabled = NO; layer = <CALayer>>
   |    |    | <ENCore.HelpTableViewCell; baseClass = UITableViewCell; frame = (0 693.333; 320 70.3333); text = 'Does the app know who I a...'; hidden = YES; autoresize = W; layer = <CALayer>>
   |    |    |    | <UIView; frame = (14 69.3333; 306 1); layer = <CALayer>>
   |    |    |    | <UITableViewCellContentView; frame = (0 0; 293.667 70.3333); gestureRecognizers = <NSArray>; layer = <CALayer>>
   |    |    |    |    | <UITableViewLabel; frame = (16 14; 261.667 42.3333); text = 'Does the app know who I a...'; userInteractionEnabled = NO; layer = <_UILabelLayer>>
   |    |    |    | <_UITableCellAccessoryButton; frame = (293.667 28; 10.3333 14); opaque = NO; userInteractionEnabled = NO; layer = <CALayer>>
   |    |    |    |    | <UIImageView; frame = (0 0; 10.3333 14); clipsToBounds = YES; opaque = NO; userInteractionEnabled = NO; layer = <CALayer>>
   |    |    | <ENCore.HelpTableViewCell; baseClass = UITableViewCell; frame = (0 645; 320 48.3333); text = 'Why is this app important...'; hidden = YES; autoresize = W; layer = <CALayer>>
   |    |    |    | <UIView; frame = (14 47.3333; 306 1); layer = <CALayer>>
   |    |    |    | <UITableViewCellContentView; frame = (0 0; 293.667 48.3333); gestureRecognizers = <NSArray>; layer = <CALayer>>
   |    |    |    |    | <UITableViewLabel; frame = (16 14; 261.667 20.3333); text = 'Why is this app important...'; userInteractionEnabled = NO; layer = <_UILabelLayer>>
   |    |    |    | <_UITableCellAccessoryButton; frame = (293.667 17; 10.3333 14); opaque = NO; userInteractionEnabled = NO; layer = <CALayer>>
   |    |    |    |    | <UIImageView; frame = (0 0; 10.3333 14); clipsToBounds = YES; opaque = NO; userInteractionEnabled = NO; layer = <CALayer>>
   |    |    | <ENCore.HelpTableViewCell; baseClass = UITableViewCell; frame = (0 552.667; 320 92.3333); text = 'I have been vaccinated or...'; hidden = YES; autoresize = W; layer = <CALayer>>
   |    |    |    | <UIView; frame = (14 91.3333; 306 1); layer = <CALayer>>
   |    |    |    | <UITableViewCellContentView; frame = (0 0; 293.667 92.3333); gestureRecognizers = <NSArray>; layer = <CALayer>>
   |    |    |    |    | <UITableViewLabel; frame = (16 14; 261.667 64.3333); text = 'I have been vaccinated or...'; userInteractionEnabled = NO; layer = <_UILabelLayer>>
   |    |    |    | <_UITableCellAccessoryButton; frame = (293.667 39; 10.3333 14); opaque = NO; userInteractionEnabled = NO; layer = <CALayer>>
   |    |    |    |    | <UIImageView; frame = (0 0; 10.3333 14); clipsToBounds = YES; opaque = NO; userInteractionEnabled = NO; layer = <CALayer>>
   |    |    | <UIView; frame = (0 1985.67; 320 0); layer = <CALayer>>
   |    |    | <_TtC6ENCoreP33_BE0F5152644A38BF9F618D4A1FE1760A17SectionHeaderView; frame = (0 0; 320 552.667); autoresize = W; layer = <CALayer>>
   |    |    |    | <ENCore.Label; baseClass = UILabel; frame = (16 16; 288 40.6667); text = 'About this app'; userInteractionEnabled = NO; layer = <_UILabelLayer>>
   |    |    |    | <UIStackView; frame = (16 72.6667; 288 414); layer = <CALayer>>
   |    |    |    |    | <ENCore.CardButton; baseClass = UIButton; frame = (0 0; 288 293.667); clipsToBounds = YES; opaque = NO; tintColor = UIExtendedGrayColorSpace 1 1; layer = <CALayer>>
   |    |    |    |    |    | <UIButtonLabel; frame = (4.66667 103.667; 279 86.3333); text = 'What does CoronaMelder do...'; alpha = 0; opaque = NO; userInteractionEnabled = NO; layer = <_UILabelLayer>>
   |    |    |    |    |    | <ENCore.Label; baseClass = UILabel; frame = (16 16; 256 49); text = 'What does CoronaMelder do...'; userInteractionEnabled = NO; layer = <_UILabelLayer>>
   |    |    |    |    |    | <ENCore.Label; baseClass = UILabel; frame = (16 71; 256 64.3333); text = 'Read how you can help sto...'; userInteractionEnabled = NO; layer = <_UILabelLayer>>
   |    |    |    |    |    | <UIImageView; frame = (16 155.333; 256 138.333); opaque = NO; userInteractionEnabled = NO; layer = <CALayer>>
   |    |    |    |    | <ENCore.CardButton; baseClass = UIButton; frame = (0 309.667; 288 104.333); clipsToBounds = YES; opaque = NO; tintColor = UIExtendedGrayColorSpace 1 1; layer = <CALayer>>
   |    |    |    |    |    | <UIButtonLabel; frame = (17.3333 31; 253.333 42.3333); text = 'How does the app work?
Ch...'; alpha = 0; opaque = NO; userInteractionEnabled = NO; layer = <_UILabelLayer>>
   |    |    |    |    |    | <ENCore.Label; baseClass = UILabel; frame = (16 16; 233 24); text = 'How does the app work?'; userInteractionEnabled = NO; layer = <_UILabelLayer>>
   |    |    |    |    |    | <ENCore.Label; baseClass = UILabel; frame = (16 46; 233 42.3333); text = 'Check the technical expla...'; userInteractionEnabled = NO; layer = <_UILabelLayer>>
   |    |    |    |    |    | <UIImageView; frame = (233 26.3333; 55 78); opaque = NO; userInteractionEnabled = NO; layer = <CALayer>>
   |    |    |    | <ENCore.Label; baseClass = UILabel; frame = (16 518.667; 288 18); text = 'Frequently asked question...'; userInteractionEnabled = NO; layer = <_UILabelLayer>>
   |    |    | <_UIScrollViewScrollIndicator; frame = (314 -39; 3 36); alpha = 0; autoresize = LM; layer = <CALayer>>
   |    |    |    | <UIView; frame = (0 0; 3 36); layer = <CALayer>>